<?xml version="1.0" encoding="UTF-8"?>
<TestRun id="72253e1f-58b5-4d47-b059-e26687a14ca3" name="richarv@RICHARV-PC 2014-09-04 20:33:29" runUser="richarv-PC\richarv" xmlns="http://microsoft.com/schemas/VisualStudio/TeamTest/2010">
  <TestSettings name="Local" id="a3e025c0-8d4a-4913-b984-eab62b4439ab">
    <Description>These are default test settings for a local test run.</Description>
    <Deployment enabled="false" runDeploymentRoot="richarv_RICHARV-PC 2014-09-04 20_33_29" />
    <Execution>
      <TestTypeSpecific />
      <AgentRule name="Execution Agents">
      </AgentRule>
    </Execution>
  </TestSettings>
  <Times creation="2014-09-04T20:33:29.1743306+01:00" queuing="2014-09-04T20:33:30.0864400+01:00" start="2014-09-04T20:33:30.1958150+01:00" finish="2014-09-04T20:33:45.8208150+01:00" />
  <ResultSummary outcome="Error">
    <Counters total="9" executed="1" error="0" failed="0" timeout="0" aborted="1" inconclusive="0" passedButRunAborted="0" notRunnable="0" notExecuted="8" disconnected="0" warning="0" passed="0" completed="0" inProgress="0" pending="0" />
    <RunInfos>
      <RunInfo computerName="RICHARV-PC" outcome="Error" timestamp="2014-09-04T20:33:45.8051900+01:00">
        <Text>Test host process exited unexpectedly.</Text>
      </RunInfo>
    </RunInfos>
  </ResultSummary>
  <TestDefinitions>
    <UnitTest name="Phone_Number_Must_Remove_Spaces" storage="c:\users\richarv\documents\phone-numbers-kata\vb\phone-numbers-kata\phone-numbers-kata\bin\debug\phone-numbers-kata.dll" id="4c40de11-7362-2c8b-7a59-5d9aee7ec8ff">
      <Execution id="23ba0095-e60c-49d5-98e1-556da2abb6d1" />
      <TestMethod codeBase="C:\Users\richarv\Documents\phone-numbers-kata\vb\phone-numbers-kata\phone-numbers-kata\bin\Debug\phone-numbers-kata.dll" adapterTypeName="Microsoft.VisualStudio.TestTools.TestTypes.Unit.UnitTestAdapter, Microsoft.VisualStudio.QualityTools.Tips.UnitTest.Adapter, Version=10.0.0.0, Culture=neutral, PublicKeyToken=b03f5f7f11d50a3a" className="phone_numbers_kata.PhoneNumberTests, phone-numbers-kata" name="Phone_Number_Must_Remove_Spaces" />
    </UnitTest>
    <UnitTest name="Fail_When_Phone_Number_Contains_Alpha_Characters" storage="c:\users\richarv\documents\phone-numbers-kata\vb\phone-numbers-kata\phone-numbers-kata\bin\debug\phone-numbers-kata.dll" id="590fc36c-caba-0990-c53e-af015d5b419e">
      <Execution id="9693abae-a6d4-49c4-880f-1d8cda238b17" />
      <TestMethod codeBase="C:\Users\richarv\Documents\phone-numbers-kata\vb\phone-numbers-kata\phone-numbers-kata\bin\Debug\phone-numbers-kata.dll" adapterTypeName="Microsoft.VisualStudio.TestTools.TestTypes.Unit.UnitTestAdapter, Microsoft.VisualStudio.QualityTools.Tips.UnitTest.Adapter, Version=10.0.0.0, Culture=neutral, PublicKeyToken=b03f5f7f11d50a3a" className="phone_numbers_kata.PhoneNumberTests, phone-numbers-kata" name="Fail_When_Phone_Number_Contains_Alpha_Characters" />
    </UnitTest>
    <UnitTest name="Phone_Number_Must_Begin_With_9" storage="c:\users\richarv\documents\phone-numbers-kata\vb\phone-numbers-kata\phone-numbers-kata\bin\debug\phone-numbers-kata.dll" id="155291f4-845e-f3ef-1a25-4122a5fc6c8b">
      <Execution id="9349a91d-83e2-41e6-8734-3cfb1d9de528" />
      <TestMethod codeBase="C:\Users\richarv\Documents\phone-numbers-kata\vb\phone-numbers-kata\phone-numbers-kata\bin\Debug\phone-numbers-kata.dll" adapterTypeName="Microsoft.VisualStudio.TestTools.TestTypes.Unit.UnitTestAdapter, Microsoft.VisualStudio.QualityTools.Tips.UnitTest.Adapter, Version=10.0.0.0, Culture=neutral, PublicKeyToken=b03f5f7f11d50a3a" className="phone_numbers_kata.PhoneNumberTests, phone-numbers-kata" name="Phone_Number_Must_Begin_With_9" />
    </UnitTest>
    <UnitTest name="Fail_When_Phone_Number_Does_Not_Begin_With_9" storage="c:\users\richarv\documents\phone-numbers-kata\vb\phone-numbers-kata\phone-numbers-kata\bin\debug\phone-numbers-kata.dll" id="e0b9e060-252b-e6ef-869c-503f34c1d13f">
      <Execution id="4596459c-a99f-4659-94a7-f10dbb11ba3c" />
      <TestMethod codeBase="C:\Users\richarv\Documents\phone-numbers-kata\vb\phone-numbers-kata\phone-numbers-kata\bin\Debug\phone-numbers-kata.dll" adapterTypeName="Microsoft.VisualStudio.TestTools.TestTypes.Unit.UnitTestAdapter, Microsoft.VisualStudio.QualityTools.Tips.UnitTest.Adapter, Version=10.0.0.0, Culture=neutral, PublicKeyToken=b03f5f7f11d50a3a" className="phone_numbers_kata.PhoneNumberTests, phone-numbers-kata" name="Fail_When_Phone_Number_Does_Not_Begin_With_9" />
    </UnitTest>
    <UnitTest name="Phone_Number_Must_Be_11_Digits" storage="c:\users\richarv\documents\phone-numbers-kata\vb\phone-numbers-kata\phone-numbers-kata\bin\debug\phone-numbers-kata.dll" id="ca3e815a-dcb7-8e68-50f3-a432db3b84b0">
      <Execution id="e1ea8dea-1ac0-4fb1-a544-c60fcd60c0e8" />
      <TestMethod codeBase="C:\Users\richarv\Documents\phone-numbers-kata\vb\phone-numbers-kata\phone-numbers-kata\bin\Debug\phone-numbers-kata.dll" adapterTypeName="Microsoft.VisualStudio.TestTools.TestTypes.Unit.UnitTestAdapter, Microsoft.VisualStudio.QualityTools.Tips.UnitTest.Adapter, Version=10.0.0.0, Culture=neutral, PublicKeyToken=b03f5f7f11d50a3a" className="phone_numbers_kata.PhoneNumberTests, phone-numbers-kata" name="Phone_Number_Must_Be_11_Digits" />
    </UnitTest>
    <UnitTest name="Phone_Number_Must_Be_Less_Than_12_Digits" storage="c:\users\richarv\documents\phone-numbers-kata\vb\phone-numbers-kata\phone-numbers-kata\bin\debug\phone-numbers-kata.dll" id="88f89b5d-6131-b4da-3e7d-c2884af72098">
      <Execution id="9264a598-aa9f-4668-804b-5c2b66d4ee27" />
      <TestMethod codeBase="C:\Users\richarv\Documents\phone-numbers-kata\vb\phone-numbers-kata\phone-numbers-kata\bin\Debug\phone-numbers-kata.dll" adapterTypeName="Microsoft.VisualStudio.TestTools.TestTypes.Unit.UnitTestAdapter, Microsoft.VisualStudio.QualityTools.Tips.UnitTest.Adapter, Version=10.0.0.0, Culture=neutral, PublicKeyToken=b03f5f7f11d50a3a" className="phone_numbers_kata.PhoneNumberTests, phone-numbers-kata" name="Phone_Number_Must_Be_Less_Than_12_Digits" />
    </UnitTest>
    <UnitTest name="Phone_Number_Must_Be_More_Than_1_Digit" storage="c:\users\richarv\documents\phone-numbers-kata\vb\phone-numbers-kata\phone-numbers-kata\bin\debug\phone-numbers-kata.dll" id="b6f12c77-c909-a761-5d18-626ad1ce921a">
      <Execution id="a5095137-f389-4c5a-a939-365721a94151" />
      <TestMethod codeBase="C:\Users\richarv\Documents\phone-numbers-kata\vb\phone-numbers-kata\phone-numbers-kata\bin\Debug\phone-numbers-kata.dll" adapterTypeName="Microsoft.VisualStudio.TestTools.TestTypes.Unit.UnitTestAdapter, Microsoft.VisualStudio.QualityTools.Tips.UnitTest.Adapter, Version=10.0.0.0, Culture=neutral, PublicKeyToken=b03f5f7f11d50a3a" className="phone_numbers_kata.PhoneNumberTests, phone-numbers-kata" name="Phone_Number_Must_Be_More_Than_1_Digit" />
    </UnitTest>
    <UnitTest name="Phone_Number_Must_Remove_Special_Characters" storage="c:\users\richarv\documents\phone-numbers-kata\vb\phone-numbers-kata\phone-numbers-kata\bin\debug\phone-numbers-kata.dll" id="e241c246-06d0-884e-f650-5198aaeb0283">
      <Execution id="749d7e03-ec50-4f14-853e-fff8028da0e8" />
      <TestMethod codeBase="C:\Users\richarv\Documents\phone-numbers-kata\vb\phone-numbers-kata\phone-numbers-kata\bin\Debug\phone-numbers-kata.dll" adapterTypeName="Microsoft.VisualStudio.TestTools.TestTypes.Unit.UnitTestAdapter, Microsoft.VisualStudio.QualityTools.Tips.UnitTest.Adapter, Version=10.0.0.0, Culture=neutral, PublicKeyToken=b03f5f7f11d50a3a" className="phone_numbers_kata.PhoneNumberTests, phone-numbers-kata" name="Phone_Number_Must_Remove_Special_Characters" />
    </UnitTest>
    <UnitTest name="Phone_Number_Must_Be_More_Than_10_Digits" storage="c:\users\richarv\documents\phone-numbers-kata\vb\phone-numbers-kata\phone-numbers-kata\bin\debug\phone-numbers-kata.dll" id="856a3a28-aadf-659c-2a3d-2443351ce545">
      <Execution id="b1fad164-5a0c-4f91-9895-21e6b62d096a" />
      <TestMethod codeBase="C:\Users\richarv\Documents\phone-numbers-kata\vb\phone-numbers-kata\phone-numbers-kata\bin\Debug\phone-numbers-kata.dll" adapterTypeName="Microsoft.VisualStudio.TestTools.TestTypes.Unit.UnitTestAdapter, Microsoft.VisualStudio.QualityTools.Tips.UnitTest.Adapter, Version=10.0.0.0, Culture=neutral, PublicKeyToken=b03f5f7f11d50a3a" className="phone_numbers_kata.PhoneNumberTests, phone-numbers-kata" name="Phone_Number_Must_Be_More_Than_10_Digits" />
    </UnitTest>
  </TestDefinitions>
  <TestLists>
    <TestList name="Results Not in a List" id="8c84fa94-04c1-424b-9868-57a2d4851a1d" />
    <TestList name="All Loaded Results" id="19431567-8539-422a-85d7-44ee4e166bda" />
  </TestLists>
  <TestEntries>
    <TestEntry testId="155291f4-845e-f3ef-1a25-4122a5fc6c8b" executionId="9349a91d-83e2-41e6-8734-3cfb1d9de528" testListId="8c84fa94-04c1-424b-9868-57a2d4851a1d" />
    <TestEntry testId="4c40de11-7362-2c8b-7a59-5d9aee7ec8ff" executionId="23ba0095-e60c-49d5-98e1-556da2abb6d1" testListId="8c84fa94-04c1-424b-9868-57a2d4851a1d" />
    <TestEntry testId="590fc36c-caba-0990-c53e-af015d5b419e" executionId="9693abae-a6d4-49c4-880f-1d8cda238b17" testListId="8c84fa94-04c1-424b-9868-57a2d4851a1d" />
    <TestEntry testId="856a3a28-aadf-659c-2a3d-2443351ce545" executionId="b1fad164-5a0c-4f91-9895-21e6b62d096a" testListId="8c84fa94-04c1-424b-9868-57a2d4851a1d" />
    <TestEntry testId="88f89b5d-6131-b4da-3e7d-c2884af72098" executionId="9264a598-aa9f-4668-804b-5c2b66d4ee27" testListId="8c84fa94-04c1-424b-9868-57a2d4851a1d" />
    <TestEntry testId="b6f12c77-c909-a761-5d18-626ad1ce921a" executionId="a5095137-f389-4c5a-a939-365721a94151" testListId="8c84fa94-04c1-424b-9868-57a2d4851a1d" />
    <TestEntry testId="ca3e815a-dcb7-8e68-50f3-a432db3b84b0" executionId="e1ea8dea-1ac0-4fb1-a544-c60fcd60c0e8" testListId="8c84fa94-04c1-424b-9868-57a2d4851a1d" />
    <TestEntry testId="e0b9e060-252b-e6ef-869c-503f34c1d13f" executionId="4596459c-a99f-4659-94a7-f10dbb11ba3c" testListId="8c84fa94-04c1-424b-9868-57a2d4851a1d" />
    <TestEntry testId="e241c246-06d0-884e-f650-5198aaeb0283" executionId="749d7e03-ec50-4f14-853e-fff8028da0e8" testListId="8c84fa94-04c1-424b-9868-57a2d4851a1d" />
  </TestEntries>
  <Results>
    <UnitTestResult executionId="9349a91d-83e2-41e6-8734-3cfb1d9de528" testId="155291f4-845e-f3ef-1a25-4122a5fc6c8b" testName="Phone_Number_Must_Begin_With_9" computerName="RICHARV-PC" duration="00:00:15.5312500" startTime="2014-09-04T20:33:30.2895650+01:00" endTime="2014-09-04T20:33:45.8208150+01:00" testType="13cdc9d9-ddb5-4fa4-a97d-d965ccfc6d4b" outcome="Aborted" testListId="8c84fa94-04c1-424b-9868-57a2d4851a1d" relativeResultsDirectory="9349a91d-83e2-41e6-8734-3cfb1d9de528">
    </UnitTestResult>
    <UnitTestResult executionId="23ba0095-e60c-49d5-98e1-556da2abb6d1" testId="4c40de11-7362-2c8b-7a59-5d9aee7ec8ff" testName="Phone_Number_Must_Remove_Spaces" computerName="RICHARV-PC" testType="13cdc9d9-ddb5-4fa4-a97d-d965ccfc6d4b" outcome="NotExecuted" testListId="8c84fa94-04c1-424b-9868-57a2d4851a1d" relativeResultsDirectory="23ba0095-e60c-49d5-98e1-556da2abb6d1">
    </UnitTestResult>
    <UnitTestResult executionId="9693abae-a6d4-49c4-880f-1d8cda238b17" testId="590fc36c-caba-0990-c53e-af015d5b419e" testName="Fail_When_Phone_Number_Contains_Alpha_Characters" computerName="RICHARV-PC" testType="13cdc9d9-ddb5-4fa4-a97d-d965ccfc6d4b" outcome="NotExecuted" testListId="8c84fa94-04c1-424b-9868-57a2d4851a1d" relativeResultsDirectory="9693abae-a6d4-49c4-880f-1d8cda238b17">
    </UnitTestResult>
    <UnitTestResult executionId="b1fad164-5a0c-4f91-9895-21e6b62d096a" testId="856a3a28-aadf-659c-2a3d-2443351ce545" testName="Phone_Number_Must_Be_More_Than_10_Digits" computerName="RICHARV-PC" testType="13cdc9d9-ddb5-4fa4-a97d-d965ccfc6d4b" outcome="NotExecuted" testListId="8c84fa94-04c1-424b-9868-57a2d4851a1d" relativeResultsDirectory="b1fad164-5a0c-4f91-9895-21e6b62d096a">
    </UnitTestResult>
    <UnitTestResult executionId="9264a598-aa9f-4668-804b-5c2b66d4ee27" testId="88f89b5d-6131-b4da-3e7d-c2884af72098" testName="Phone_Number_Must_Be_Less_Than_12_Digits" computerName="RICHARV-PC" testType="13cdc9d9-ddb5-4fa4-a97d-d965ccfc6d4b" outcome="NotExecuted" testListId="8c84fa94-04c1-424b-9868-57a2d4851a1d" relativeResultsDirectory="9264a598-aa9f-4668-804b-5c2b66d4ee27">
    </UnitTestResult>
    <UnitTestResult executionId="a5095137-f389-4c5a-a939-365721a94151" testId="b6f12c77-c909-a761-5d18-626ad1ce921a" testName="Phone_Number_Must_Be_More_Than_1_Digit" computerName="RICHARV-PC" testType="13cdc9d9-ddb5-4fa4-a97d-d965ccfc6d4b" outcome="NotExecuted" testListId="8c84fa94-04c1-424b-9868-57a2d4851a1d" relativeResultsDirectory="a5095137-f389-4c5a-a939-365721a94151">
    </UnitTestResult>
    <UnitTestResult executionId="e1ea8dea-1ac0-4fb1-a544-c60fcd60c0e8" testId="ca3e815a-dcb7-8e68-50f3-a432db3b84b0" testName="Phone_Number_Must_Be_11_Digits" computerName="RICHARV-PC" testType="13cdc9d9-ddb5-4fa4-a97d-d965ccfc6d4b" outcome="NotExecuted" testListId="8c84fa94-04c1-424b-9868-57a2d4851a1d" relativeResultsDirectory="e1ea8dea-1ac0-4fb1-a544-c60fcd60c0e8">
    </UnitTestResult>
    <UnitTestResult executionId="4596459c-a99f-4659-94a7-f10dbb11ba3c" testId="e0b9e060-252b-e6ef-869c-503f34c1d13f" testName="Fail_When_Phone_Number_Does_Not_Begin_With_9" computerName="RICHARV-PC" testType="13cdc9d9-ddb5-4fa4-a97d-d965ccfc6d4b" outcome="NotExecuted" testListId="8c84fa94-04c1-424b-9868-57a2d4851a1d" relativeResultsDirectory="4596459c-a99f-4659-94a7-f10dbb11ba3c">
    </UnitTestResult>
    <UnitTestResult executionId="749d7e03-ec50-4f14-853e-fff8028da0e8" testId="e241c246-06d0-884e-f650-5198aaeb0283" testName="Phone_Number_Must_Remove_Special_Characters" computerName="RICHARV-PC" testType="13cdc9d9-ddb5-4fa4-a97d-d965ccfc6d4b" outcome="NotExecuted" testListId="8c84fa94-04c1-424b-9868-57a2d4851a1d" relativeResultsDirectory="749d7e03-ec50-4f14-853e-fff8028da0e8">
    </UnitTestResult>
  </Results>
</TestRun>